// Jest Snapshot v1, https://goo.gl/fbAQLP

exports[`Home Screen renders home page correctly  1`] = `
<RCTSafeAreaView
  emulateUnlessSupported={true}
  style={
    Object {
      "flex": 1,
    }
  }
>
  <View
    style={
      Object {
        "alignItems": "center",
        "backgroundColor": "white",
        "flexDirection": "row",
        "justifyContent": "space-around",
        "padding": 20,
      }
    }
  >
    <TextInput
      onChangeText={[Function]}
      placeholder="Search"
      style={
        Object {
          "backgroundColor": "white",
          "borderBottomColor": "black",
          "borderBottomWidth": 1,
          "borderWidth": 0,
          "fontSize": 18,
          "height": 40,
          "padding": 10,
          "width": 570,
        }
      }
      value=""
    />
    <View
      accessible={true}
      focusable={true}
      onClick={[Function]}
      onResponderGrant={[Function]}
      onResponderMove={[Function]}
      onResponderRelease={[Function]}
      onResponderTerminate={[Function]}
      onResponderTerminationRequest={[Function]}
      onStartShouldSetResponder={[Function]}
    >
      <View
        style={
          Object {
            "alignItems": "center",
            "backgroundColor": "#52007a",
            "height": 38,
            "justifyContent": "center",
            "width": 120,
          }
        }
      >
        <Text
          style={
            Object {
              "color": "white",
              "fontSize": 18,
            }
          }
        >
          Search
        </Text>
      </View>
    </View>
  </View>
  <View
    style={
      Object {
        "backgroundColor": "#f2f2f2",
        "flex": 1,
        "padding": 15,
      }
    }
  >
    <Text
      style={
        Array [
          Object {
            "color": "black",
            "fontSize": 18,
            "fontWeight": "bold",
            "marginBottom": 20,
          },
          Object {
            "fontSize": 20,
          },
        ]
      }
    >
      Your Todo List
    </Text>
    <ActivityIndicator />
  </View>
  <View
    accessible={true}
    collapsable={false}
    focusable={true}
    onClick={[Function]}
    onResponderGrant={[Function]}
    onResponderMove={[Function]}
    onResponderRelease={[Function]}
    onResponderTerminate={[Function]}
    onResponderTerminationRequest={[Function]}
    onStartShouldSetResponder={[Function]}
    style={
      Object {
        "alignItems": "center",
        "backgroundColor": "#52007a",
        "borderColor": "rgba(0,0,0,0.2)",
        "borderRadius": 100,
        "borderWidth": 1,
        "bottom": 10,
        "display": "flex",
        "height": 50,
        "justifyContent": "center",
        "opacity": 1,
        "position": "absolute",
        "right": 15,
        "width": 50,
      }
    }
  >
    <Text
      allowFontScaling={false}
      selectable={false}
      style={
        Array [
          Object {
            "color": "#fff",
            "fontSize": 35,
          },
          undefined,
          Object {
            "fontFamily": "Material Design Icons",
            "fontStyle": "normal",
            "fontWeight": "normal",
          },
          Object {},
        ]
      }
    >
      Û∞êï
    </Text>
  </View>
  <Modal
    animationType="slide"
    hardwareAccelerated={false}
    onHide={[Function]}
    transparent={true}
    visible={false}
  />
</RCTSafeAreaView>
`;
