// Jest Snapshot v1, https://goo.gl/fbAQLP

exports[`Signin Screen renders sign in page correctly  1`] = `
<View
  style={
    Object {
      "alignItems": "center",
      "flex": 1,
      "justifyContent": "center",
    }
  }
>
  <Text
    style={
      Object {
        "color": "black",
        "fontSize": 36,
        "fontWeight": "bold",
        "textAlign": "center",
      }
    }
  >
    Welcome to ToDoo
  </Text>
  <View
    style={
      Object {
        "alignItems": "center",
        "marginTop": 15,
        "width": "100%",
      }
    }
  >
    <View
      accessibilityIgnoresInvertColors={true}
      style={
        Object {
          "height": 250,
          "resizeMode": "cover",
          "width": 250,
        }
      }
    >
      <Image
        source={
          Object {
            "uri": "https://i.ibb.co/jRhgq3W/undraw-Shared-goals-re-jvqd.png",
          }
        }
        style={
          Array [
            Object {
              "bottom": 0,
              "left": 0,
              "position": "absolute",
              "right": 0,
              "top": 0,
            },
            Object {
              "height": 250,
              "width": 250,
            },
            undefined,
          ]
        }
        testID="image"
      />
    </View>
    <View>
      <TextInput
        onChangeText={[Function]}
        placeholder="email"
        placeholderTextColor="grey"
        style={
          Object {
            "borderColor": "black",
            "borderRadius": 10,
            "borderWidth": 1,
            "color": "black",
            "fontSize": 16,
            "marginBottom": 20,
            "padding": 10,
            "width": 350,
          }
        }
        testID="textInput-email"
      />
    </View>
    <View>
      <TextInput
        onChangeText={[Function]}
        placeholder="password"
        placeholderTextColor="grey"
        secureTextEntry={true}
        style={
          Object {
            "borderColor": "black",
            "borderRadius": 10,
            "borderWidth": 1,
            "color": "black",
            "fontSize": 16,
            "marginBottom": 20,
            "padding": 10,
            "width": 350,
          }
        }
        testID="textInput-password"
      />
    </View>
  </View>
  <View
    accessible={true}
    collapsable={false}
    focusable={true}
    onBlur={[Function]}
    onClick={[Function]}
    onFocus={[Function]}
    onResponderGrant={[Function]}
    onResponderMove={[Function]}
    onResponderRelease={[Function]}
    onResponderTerminate={[Function]}
    onResponderTerminationRequest={[Function]}
    onStartShouldSetResponder={[Function]}
    style={
      Object {
        "alignItems": "center",
        "backgroundColor": "#52007a",
        "borderRadius": 15,
        "justifyContent": "center",
        "padding": 10,
        "width": "85%",
      }
    }
    testID="loginButton"
  >
    <Text
      style={
        Object {
          "color": "white",
          "fontSize": 18,
          "fontWeight": "bold",
          "textAlign": "center",
        }
      }
    >
      Signin
    </Text>
  </View>
  <View
    style={
      Object {
        "alignItems": "center",
        "flexDirection": "row",
        "marginTop": 15,
      }
    }
  >
    <Text
      style={
        Object {
          "alignItems": "center",
          "color": "black",
        }
      }
    >
      Don't have a account? 
    </Text>
    <View
      accessible={true}
      collapsable={false}
      focusable={true}
      onBlur={[Function]}
      onClick={[Function]}
      onFocus={[Function]}
      onResponderGrant={[Function]}
      onResponderMove={[Function]}
      onResponderRelease={[Function]}
      onResponderTerminate={[Function]}
      onResponderTerminationRequest={[Function]}
      onStartShouldSetResponder={[Function]}
    >
      <Text
        style={
          Object {
            "color": "blue",
          }
        }
      >
        Signup
      </Text>
    </View>
  </View>
</View>
`;
