// Jest Snapshot v1, https://goo.gl/fbAQLP

exports[`Signup Screen renders signup page correctly  1`] = `
<RCTSafeAreaView
  emulateUnlessSupported={true}
  style={
    Object {
      "alignItems": "center",
      "backgroundColor": "#fff",
      "flex": 1,
      "padding": 20,
    }
  }
>
  <View
    style={
      Object {
        "marginTop": 10,
      }
    }
  >
    <Text
      style={
        Object {
          "color": "black",
          "fontSize": 18,
          "marginBottom": 5,
        }
      }
    >
      Name :
    </Text>
    <TextInput
      onChangeText={[Function]}
      placeholder=""
      style={
        Object {
          "borderColor": "black",
          "borderRadius": 10,
          "borderWidth": 1,
          "color": "black",
          "fontSize": 16,
          "fontWeight": "bold",
          "padding": 10,
          "width": 350,
        }
      }
      testID="name"
    />
  </View>
  <View
    style={
      Object {
        "marginTop": 10,
      }
    }
  >
    <Text
      style={
        Object {
          "color": "black",
          "fontSize": 18,
          "marginBottom": 5,
        }
      }
    >
      Email :
    </Text>
    <TextInput
      onChangeText={[Function]}
      placeholder=""
      style={
        Object {
          "borderColor": "black",
          "borderRadius": 10,
          "borderWidth": 1,
          "color": "black",
          "fontSize": 16,
          "fontWeight": "bold",
          "padding": 10,
          "width": 350,
        }
      }
      testID="email"
    />
  </View>
  <View
    style={
      Object {
        "marginTop": 10,
      }
    }
  >
    <Text
      style={
        Object {
          "color": "black",
          "fontSize": 18,
          "marginBottom": 5,
        }
      }
    >
      Age : 
    </Text>
    <TextInput
      keyboardType="numeric"
      onChangeText={[Function]}
      placeholder=""
      style={
        Object {
          "borderColor": "black",
          "borderRadius": 10,
          "borderWidth": 1,
          "color": "black",
          "fontSize": 16,
          "fontWeight": "bold",
          "padding": 10,
          "width": 350,
        }
      }
      testID="age"
    />
  </View>
  <View
    style={
      Object {
        "marginTop": 10,
      }
    }
  >
    <Text
      style={
        Object {
          "color": "black",
          "fontSize": 18,
          "marginBottom": 5,
        }
      }
    >
      Password :
    </Text>
    <TextInput
      onChangeText={[Function]}
      placeholder=""
      secureTextEntry={true}
      style={
        Object {
          "borderColor": "black",
          "borderRadius": 10,
          "borderWidth": 1,
          "color": "black",
          "fontSize": 16,
          "fontWeight": "bold",
          "padding": 10,
          "width": 350,
        }
      }
      testID="password"
    />
  </View>
  <View
    style={
      Object {
        "marginTop": 10,
      }
    }
  >
    <Text
      style={
        Object {
          "color": "black",
          "fontSize": 18,
          "marginBottom": 5,
        }
      }
    >
      Re enter the Password :
    </Text>
    <TextInput
      onChangeText={[Function]}
      placeholder=""
      secureTextEntry={true}
      style={
        Object {
          "borderColor": "black",
          "borderRadius": 10,
          "borderWidth": 1,
          "color": "black",
          "fontSize": 16,
          "fontWeight": "bold",
          "padding": 10,
          "width": 350,
        }
      }
      testID="re-password"
    />
  </View>
  <View
    accessible={true}
    collapsable={false}
    focusable={true}
    onBlur={[Function]}
    onClick={[Function]}
    onFocus={[Function]}
    onResponderGrant={[Function]}
    onResponderMove={[Function]}
    onResponderRelease={[Function]}
    onResponderTerminate={[Function]}
    onResponderTerminationRequest={[Function]}
    onStartShouldSetResponder={[Function]}
    style={
      Object {
        "alignItems": "center",
        "backgroundColor": "#52007a",
        "borderRadius": 15,
        "justifyContent": "center",
        "marginTop": 30,
        "padding": 10,
        "width": "95%",
      }
    }
    testID="signupButton"
  >
    <Text
      style={
        Array [
          Object {
            "color": "black",
            "fontSize": 18,
            "marginBottom": 5,
          },
          Object {
            "color": "white",
          },
        ]
      }
    >
      Signup
    </Text>
  </View>
</RCTSafeAreaView>
`;
